// Validating benchmarks:
//    * Job(InvocationCount=1, IterationCount=3, UnrollFactor=1, WarmupCount=1) doesn't have a Runtime characteristic. It's recommended to specify runtime by using WithRuntime explicitly.

// ***** BenchmarkRunner: Start   *****
// ***** Found 24 benchmark(s) in total *****
// ***** Building 3 exe(s) in Parallel: Start   *****
// ***** Done, took 00:00:21 (21.43 sec)   *****
// ***** Failed to build in Parallel, switching to sequential build   *****
// ***** Done, took 00:00:13 (13.16 sec)   *****
// Found 24 benchmarks:
//   BulkInsertBenchmarks.'Row-by-row INSERT': Job-FEWCWF(InvocationCount=1, IterationCount=3, UnrollFactor=1, WarmupCount=1) [RowCount=100]
//   BulkInsertBenchmarks.'UNNEST bulk INSERT': Job-FEWCWF(InvocationCount=1, IterationCount=3, UnrollFactor=1, WarmupCount=1) [RowCount=100]
//   BulkInsertBenchmarks.'Row-by-row INSERT': .NET 10.0(Runtime=.NET 10.0, Toolchain=net10.0, InvocationCount=1, UnrollFactor=1) [RowCount=100]
//   BulkInsertBenchmarks.'UNNEST bulk INSERT': .NET 10.0(Runtime=.NET 10.0, Toolchain=net10.0, InvocationCount=1, UnrollFactor=1) [RowCount=100]
//   BulkInsertBenchmarks.'Row-by-row INSERT': .NET 8.0(Runtime=.NET 8.0, Toolchain=net8.0, InvocationCount=1, UnrollFactor=1) [RowCount=100]
//   BulkInsertBenchmarks.'UNNEST bulk INSERT': .NET 8.0(Runtime=.NET 8.0, Toolchain=net8.0, InvocationCount=1, UnrollFactor=1) [RowCount=100]
//   BulkInsertBenchmarks.'Row-by-row INSERT': .NET 9.0(Runtime=.NET 9.0, Toolchain=net9.0, InvocationCount=1, UnrollFactor=1) [RowCount=100]
//   BulkInsertBenchmarks.'UNNEST bulk INSERT': .NET 9.0(Runtime=.NET 9.0, Toolchain=net9.0, InvocationCount=1, UnrollFactor=1) [RowCount=100]
//   BulkInsertBenchmarks.'Row-by-row INSERT': Job-FEWCWF(InvocationCount=1, IterationCount=3, UnrollFactor=1, WarmupCount=1) [RowCount=1000]
//   BulkInsertBenchmarks.'UNNEST bulk INSERT': Job-FEWCWF(InvocationCount=1, IterationCount=3, UnrollFactor=1, WarmupCount=1) [RowCount=1000]
//   BulkInsertBenchmarks.'Row-by-row INSERT': .NET 10.0(Runtime=.NET 10.0, Toolchain=net10.0, InvocationCount=1, UnrollFactor=1) [RowCount=1000]
//   BulkInsertBenchmarks.'UNNEST bulk INSERT': .NET 10.0(Runtime=.NET 10.0, Toolchain=net10.0, InvocationCount=1, UnrollFactor=1) [RowCount=1000]
//   BulkInsertBenchmarks.'Row-by-row INSERT': .NET 8.0(Runtime=.NET 8.0, Toolchain=net8.0, InvocationCount=1, UnrollFactor=1) [RowCount=1000]
//   BulkInsertBenchmarks.'UNNEST bulk INSERT': .NET 8.0(Runtime=.NET 8.0, Toolchain=net8.0, InvocationCount=1, UnrollFactor=1) [RowCount=1000]
//   BulkInsertBenchmarks.'Row-by-row INSERT': .NET 9.0(Runtime=.NET 9.0, Toolchain=net9.0, InvocationCount=1, UnrollFactor=1) [RowCount=1000]
//   BulkInsertBenchmarks.'UNNEST bulk INSERT': .NET 9.0(Runtime=.NET 9.0, Toolchain=net9.0, InvocationCount=1, UnrollFactor=1) [RowCount=1000]
//   BulkInsertBenchmarks.'Row-by-row INSERT': Job-FEWCWF(InvocationCount=1, IterationCount=3, UnrollFactor=1, WarmupCount=1) [RowCount=10000]
//   BulkInsertBenchmarks.'UNNEST bulk INSERT': Job-FEWCWF(InvocationCount=1, IterationCount=3, UnrollFactor=1, WarmupCount=1) [RowCount=10000]
//   BulkInsertBenchmarks.'Row-by-row INSERT': .NET 10.0(Runtime=.NET 10.0, Toolchain=net10.0, InvocationCount=1, UnrollFactor=1) [RowCount=10000]
//   BulkInsertBenchmarks.'UNNEST bulk INSERT': .NET 10.0(Runtime=.NET 10.0, Toolchain=net10.0, InvocationCount=1, UnrollFactor=1) [RowCount=10000]
//   BulkInsertBenchmarks.'Row-by-row INSERT': .NET 8.0(Runtime=.NET 8.0, Toolchain=net8.0, InvocationCount=1, UnrollFactor=1) [RowCount=10000]
//   BulkInsertBenchmarks.'UNNEST bulk INSERT': .NET 8.0(Runtime=.NET 8.0, Toolchain=net8.0, InvocationCount=1, UnrollFactor=1) [RowCount=10000]
//   BulkInsertBenchmarks.'Row-by-row INSERT': .NET 9.0(Runtime=.NET 9.0, Toolchain=net9.0, InvocationCount=1, UnrollFactor=1) [RowCount=10000]
//   BulkInsertBenchmarks.'UNNEST bulk INSERT': .NET 9.0(Runtime=.NET 9.0, Toolchain=net9.0, InvocationCount=1, UnrollFactor=1) [RowCount=10000]

// Build Error: Standard output: 
  
 Standard error: 
   EricksonLopez.DapperExtensions -> /home/runner/work/dotnet-dapper-extensions/dotnet-dapper-extensions/benchmarks/EricksonLopez.DapperExtensions.PostgreSql.Benchmarks/bin/Release/net10.0/EricksonLopez.DapperExtensions.PostgreSql.Benchmarks-Job-FEWCWF-1/bin/Release/net10.0/EricksonLopez.DapperExtensions.dll
  EricksonLopez.DapperExtensions.PostgreSql -> /home/runner/work/dotnet-dapper-extensions/dotnet-dapper-extensions/benchmarks/EricksonLopez.DapperExtensions.PostgreSql.Benchmarks/bin/Release/net10.0/EricksonLopez.DapperExtensions.PostgreSql.Benchmarks-Job-FEWCWF-1/bin/Release/net10.0/EricksonLopez.DapperExtensions.PostgreSql.dll
  EricksonLopez.DapperExtensions.PostgreSql.Benchmarks -> /home/runner/work/dotnet-dapper-extensions/dotnet-dapper-extensions/benchmarks/EricksonLopez.DapperExtensions.PostgreSql.Benchmarks/bin/Release/net10.0/EricksonLopez.DapperExtensions.PostgreSql.Benchmarks-Job-FEWCWF-1/bin/Release/net10.0/EricksonLopez.DapperExtensions.PostgreSql.Benchmarks.dll
/home/runner/work/dotnet-dapper-extensions/dotnet-dapper-extensions/benchmarks/EricksonLopez.DapperExtensions.PostgreSql.Benchmarks/bin/Release/net10.0/EricksonLopez.DapperExtensions.PostgreSql.Benchmarks-Job-FEWCWF-1/EricksonLopez.DapperExtensions.PostgreSql.Benchmarks-Job-FEWCWF-1.notcs(526,36): error CS0407: 'Task BulkInsertBenchmarks.CleanTable()' has the wrong return type [/home/runner/work/dotnet-dapper-extensions/dotnet-dapper-extensions/benchmarks/EricksonLopez.DapperExtensions.PostgreSql.Benchmarks/bin/Release/net10.0/EricksonLopez.DapperExtensions.PostgreSql.Benchmarks-Job-FEWCWF-1/BenchmarkDotNet.Autogenerated.csproj::TargetFramework=net10.0]
/home/runner/work/dotnet-dapper-extensions/dotnet-dapper-extensions/benchmarks/EricksonLopez.DapperExtensions.PostgreSql.Benchmarks/bin/Release/net10.0/EricksonLopez.DapperExtensions.PostgreSql.Benchmarks-Job-FEWCWF-1/EricksonLopez.DapperExtensions.PostgreSql.Benchmarks-Job-FEWCWF-1.notcs(362,36): error CS0407: 'Task BulkInsertBenchmarks.CleanTable()' has the wrong return type [/home/runner/work/dotnet-dapper-extensions/dotnet-dapper-extensions/benchmarks/EricksonLopez.DapperExtensions.PostgreSql.Benchmarks/bin/Release/net10.0/EricksonLopez.DapperExtensions.PostgreSql.Benchmarks-Job-FEWCWF-1/BenchmarkDotNet.Autogenerated.csproj::TargetFramework=net10.0]
/home/runner/work/dotnet-dapper-extensions/dotnet-dapper-extensions/benchmarks/EricksonLopez.DapperExtensions.PostgreSql.Benchmarks/bin/Release/net10.0/EricksonLopez.DapperExtensions.PostgreSql.Benchmarks-Job-FEWCWF-1/EricksonLopez.DapperExtensions.PostgreSql.Benchmarks-Job-FEWCWF-1.notcs(2006,36): error CS0407: 'Task BulkInsertBenchmarks.CleanTable()' has the wrong return type [/home/runner/work/dotnet-dapper-extensions/dotnet-dapper-extensions/benchmarks/EricksonLopez.DapperExtensions.PostgreSql.Benchmarks/bin/Release/net10.0/EricksonLopez.DapperExtensions.PostgreSql.Benchmarks-Job-FEWCWF-1/BenchmarkDotNet.Autogenerated.csproj::TargetFramework=net10.0]
/home/runner/work/dotnet-dapper-extensions/dotnet-dapper-extensions/benchmarks/EricksonLopez.DapperExtensions.PostgreSql.Benchmarks/bin/Release/net10.0/EricksonLopez.DapperExtensions.PostgreSql.Benchmarks-Job-FEWCWF-1/EricksonLopez.DapperExtensions.PostgreSql.Benchmarks-Job-FEWCWF-1.notcs(197,36): error CS0407: 'Task BulkInsertBenchmarks.CleanTable()' has the wrong return type [/home/runner/work/dotnet-dapper-extensions/dotnet-dapper-extensions/benchmarks/EricksonLopez.DapperExtensions.PostgreSql.Benchmarks/bin/Release/net10.0/EricksonLopez.DapperExtensions.PostgreSql.Benchmarks-Job-FEWCWF-1/BenchmarkDotNet.Autogenerated.csproj::TargetFramework=net10.0]
/home/runner/work/dotnet-dapper-extensions/dotnet-dapper-extensions/benchmarks/EricksonLopez.DapperExtensions.PostgreSql.Benchmarks/bin/Release/net10.0/EricksonLopez.DapperExtensions.PostgreSql.Benchmarks-Job-FEWCWF-1/EricksonLopez.DapperExtensions.PostgreSql.Benchmarks-Job-FEWCWF-1.notcs(1842,36): error CS0407: 'Task BulkInsertBenchmarks.CleanTable()' has the wrong return type [/home/runner/work/dotnet-dapper-extensions/dotnet-dapper-extensions/benchmarks/EricksonLopez.DapperExtensions.PostgreSql.Benchmarks/bin/Release/net10.0/EricksonLopez.DapperExtensions.PostgreSql.Benchmarks-Job-FEWCWF-1/BenchmarkDotNet.Autogenerated.csproj::TargetFramework=net10.0]
/home/runner/work/dotnet-dapper-extensions/dotnet-dapper-extensions/benchmarks/EricksonLopez.DapperExtensions.PostgreSql.Benchmarks/bin/Release/net10.0/EricksonLopez.DapperExtensions.PostgreSql.Benchmarks-Job-FEWCWF-1/EricksonLopez.DapperExtensions.PostgreSql.Benchmarks-Job-FEWCWF-1.notcs(690,36): error CS0407: 'Task BulkInsertBenchmarks.CleanTable()' has the wrong return type [/home/runner/work/dotnet-dapper-extensions/dotnet-dapper-extensions/benchmarks/EricksonLopez.DapperExtensions.PostgreSql.Benchmarks/bin/Release/net10.0/EricksonLopez.DapperExtensions.PostgreSql.Benchmarks-Job-FEWCWF-1/BenchmarkDotNet.Autogenerated.csproj::TargetFramework=net10.0]
/home/runner/work/dotnet-dapper-extensions/dotnet-dapper-extensions/benchmarks/EricksonLopez.DapperExtensions.PostgreSql.Benchmarks/bin/Release/net10.0/EricksonLopez.DapperExtensions.PostgreSql.Benchmarks-Job-FEWCWF-1/EricksonLopez.DapperExtensions.PostgreSql.Benchmarks-Job-FEWCWF-1.notcs(855,36): error CS0407: 'Task BulkInsertBenchmarks.CleanTable()' has the wrong return type [/home/runner/work/dotnet-dapper-extensions/dotnet-dapper-extensions/benchmarks/EricksonLopez.DapperExtensions.PostgreSql.Benchmarks/bin/Release/net10.0/EricksonLopez.DapperExtensions.PostgreSql.Benchmarks-Job-FEWCWF-1/BenchmarkDotNet.Autogenerated.csproj::TargetFramework=net10.0]
/home/runner/work/dotnet-dapper-extensions/dotnet-dapper-extensions/benchmarks/EricksonLopez.DapperExtensions.PostgreSql.Benchmarks/bin/Release/net10.0/EricksonLopez.DapperExtensions.PostgreSql.Benchmarks-Job-FEWCWF-1/EricksonLopez.DapperExtensions.PostgreSql.Benchmarks-Job-FEWCWF-1.notcs(1020,36): error CS0407: 'Task BulkInsertBenchmarks.CleanTable()' has the wrong return type [/home/runner/work/dotnet-dapper-extensions/dotnet-dapper-extensions/benchmarks/EricksonLopez.DapperExtensions.PostgreSql.Benchmarks/bin/Release/net10.0/EricksonLopez.DapperExtensions.PostgreSql.Benchmarks-Job-FEWCWF-1/BenchmarkDotNet.Autogenerated.csproj::TargetFramework=net10.0]
/home/runner/work/dotnet-dapper-extensions/dotnet-dapper-extensions/benchmarks/EricksonLopez.DapperExtensions.PostgreSql.Benchmarks/bin/Release/net10.0/EricksonLopez.DapperExtensions.PostgreSql.Benchmarks-Job-FEWCWF-1/EricksonLopez.DapperExtensions.PostgreSql.Benchmarks-Job-FEWCWF-1.notcs(1184,36): error CS0407: 'Task BulkInsertBenchmarks.CleanTable()' has the wrong return type [/home/runner/work/dotnet-dapper-extensions/dotnet-dapper-extensions/benchmarks/EricksonLopez.DapperExtensions.PostgreSql.Benchmarks/bin/Release/net10.0/EricksonLopez.DapperExtensions.PostgreSql.Benchmarks-Job-FEWCWF-1/BenchmarkDotNet.Autogenerated.csproj::TargetFramework=net10.0]
/home/runner/work/dotnet-dapper-extensions/dotnet-dapper-extensions/benchmarks/EricksonLopez.DapperExtensions.PostgreSql.Benchmarks/bin/Release/net10.0/EricksonLopez.DapperExtensions.PostgreSql.Benchmarks-Job-FEWCWF-1/EricksonLopez.DapperExtensions.PostgreSql.Benchmarks-Job-FEWCWF-1.notcs(1678,36): error CS0407: 'Task BulkInsertBenchmarks.CleanTable()' has the wrong return type [/home/runner/work/dotnet-dapper-extensions/dotnet-dapper-extensions/benchmarks/EricksonLopez.DapperExtensions.PostgreSql.Benchmarks/bin/Release/net10.0/EricksonLopez.DapperExtensions.PostgreSql.Benchmarks-Job-FEWCWF-1/BenchmarkDotNet.Autogenerated.csproj::TargetFramework=net10.0]
/home/runner/work/dotnet-dapper-extensions/dotnet-dapper-extensions/benchmarks/EricksonLopez.DapperExtensions.PostgreSql.Benchmarks/bin/Release/net10.0/EricksonLopez.DapperExtensions.PostgreSql.Benchmarks-Job-FEWCWF-1/EricksonLopez.DapperExtensions.PostgreSql.Benchmarks-Job-FEWCWF-1.notcs(1348,36): error CS0407: 'Task BulkInsertBenchmarks.CleanTable()' has the wrong return type [/home/runner/work/dotnet-dapper-extensions/dotnet-dapper-extensions/benchmarks/EricksonLopez.DapperExtensions.PostgreSql.Benchmarks/bin/Release/net10.0/EricksonLopez.DapperExtensions.PostgreSql.Benchmarks-Job-FEWCWF-1/BenchmarkDotNet.Autogenerated.csproj::TargetFramework=net10.0]
/home/runner/work/dotnet-dapper-extensions/dotnet-dapper-extensions/benchmarks/EricksonLopez.DapperExtensions.PostgreSql.Benchmarks/bin/Release/net10.0/EricksonLopez.DapperExtensions.PostgreSql.Benchmarks-Job-FEWCWF-1/EricksonLopez.DapperExtensions.PostgreSql.Benchmarks-Job-FEWCWF-1.notcs(1513,36): error CS0407: 'Task BulkInsertBenchmarks.CleanTable()' has the wrong return type [/home/runner/work/dotnet-dapper-extensions/dotnet-dapper-extensions/benchmarks/EricksonLopez.DapperExtensions.PostgreSql.Benchmarks/bin/Release/net10.0/EricksonLopez.DapperExtensions.PostgreSql.Benchmarks-Job-FEWCWF-1/BenchmarkDotNet.Autogenerated.csproj::TargetFramework=net10.0]
Build FAILED.
/home/runner/work/dotnet-dapper-extensions/dotnet-dapper-extensions/benchmarks/EricksonLopez.DapperExtensions.PostgreSql.Benchmarks/bin/Release/net10.0/EricksonLopez.DapperExtensions.PostgreSql.Benchmarks-Job-FEWCWF-1/EricksonLopez.DapperExtensions.PostgreSql.Benchmarks-Job-FEWCWF-1.notcs(526,36): error CS0407: 'Task BulkInsertBenchmarks.CleanTable()' has the wrong return type [/home/runner/work/dotnet-dapper-extensions/dotnet-dapper-extensions/benchmarks/EricksonLopez.DapperExtensions.PostgreSql.Benchmarks/bin/Release/net10.0/EricksonLopez.DapperExtensions.PostgreSql.Benchmarks-Job-FEWCWF-1/BenchmarkDotNet.Autogenerated.csproj::TargetFramework=net10.0]
/home/runner/work/dotnet-dapper-extensions/dotnet-dapper-extensions/benchmarks/EricksonLopez.DapperExtensions.PostgreSql.Benchmarks/bin/Release/net10.0/EricksonLopez.DapperExtensions.PostgreSql.Benchmarks-Job-FEWCWF-1/EricksonLopez.DapperExtensions.PostgreSql.Benchmarks-Job-FEWCWF-1.notcs(362,36): error CS0407: 'Task BulkInsertBenchmarks.CleanTable()' has the wrong return type [/home/runner/work/dotnet-dapper-extensions/dotnet-dapper-extensions/benchmarks/EricksonLopez.DapperExtensions.PostgreSql.Benchmarks/bin/Release/net10.0/EricksonLopez.DapperExtensions.PostgreSql.Benchmarks-Job-FEWCWF-1/BenchmarkDotNet.Autogenerated.csproj::TargetFramework=net10.0]
/home/runner/work/dotnet-dapper-extensions/dotnet-dapper-extensions/benchmarks/EricksonLopez.DapperExtensions.PostgreSql.Benchmarks/bin/Release/net10.0/EricksonLopez.DapperExtensions.PostgreSql.Benchmarks-Job-FEWCWF-1/EricksonLopez.DapperExtensions.PostgreSql.Benchmarks-Job-FEWCWF-1.notcs(2006,36): error CS0407: 'Task BulkInsertBenchmarks.CleanTable()' has the wrong return type [/home/runner/work/dotnet-dapper-extensions/dotnet-dapper-extensions/benchmarks/EricksonLopez.DapperExtensions.PostgreSql.Benchmarks/bin/Release/net10.0/EricksonLopez.DapperExtensions.PostgreSql.Benchmarks-Job-FEWCWF-1/BenchmarkDotNet.Autogenerated.csproj::TargetFramework=net10.0]
/home/runner/work/dotnet-dapper-extensions/dotnet-dapper-extensions/benchmarks/EricksonLopez.DapperExtensions.PostgreSql.Benchmarks/bin/Release/net10.0/EricksonLopez.DapperExtensions.PostgreSql.Benchmarks-Job-FEWCWF-1/EricksonLopez.DapperExtensions.PostgreSql.Benchmarks-Job-FEWCWF-1.notcs(197,36): error CS0407: 'Task BulkInsertBenchmarks.CleanTable()' has the wrong return type [/home/runner/work/dotnet-dapper-extensions/dotnet-dapper-extensions/benchmarks/EricksonLopez.DapperExtensions.PostgreSql.Benchmarks/bin/Release/net10.0/EricksonLopez.DapperExtensions.PostgreSql.Benchmarks-Job-FEWCWF-1/BenchmarkDotNet.Autogenerated.csproj::TargetFramework=net10.0]
/home/runner/work/dotnet-dapper-extensions/dotnet-dapper-extensions/benchmarks/EricksonLopez.DapperExtensions.PostgreSql.Benchmarks/bin/Release/net10.0/EricksonLopez.DapperExtensions.PostgreSql.Benchmarks-Job-FEWCWF-1/EricksonLopez.DapperExtensions.PostgreSql.Benchmarks-Job-FEWCWF-1.notcs(1842,36): error CS0407: 'Task BulkInsertBenchmarks.CleanTable()' has the wrong return type [/home/runner/work/dotnet-dapper-extensions/dotnet-dapper-extensions/benchmarks/EricksonLopez.DapperExtensions.PostgreSql.Benchmarks/bin/Release/net10.0/EricksonLopez.DapperExtensions.PostgreSql.Benchmarks-Job-FEWCWF-1/BenchmarkDotNet.Autogenerated.csproj::TargetFramework=net10.0]
/home/runner/work/dotnet-dapper-extensions/dotnet-dapper-extensions/benchmarks/EricksonLopez.DapperExtensions.PostgreSql.Benchmarks/bin/Release/net10.0/EricksonLopez.DapperExtensions.PostgreSql.Benchmarks-Job-FEWCWF-1/EricksonLopez.DapperExtensions.PostgreSql.Benchmarks-Job-FEWCWF-1.notcs(690,36): error CS0407: 'Task BulkInsertBenchmarks.CleanTable()' has the wrong return type [/home/runner/work/dotnet-dapper-extensions/dotnet-dapper-extensions/benchmarks/EricksonLopez.DapperExtensions.PostgreSql.Benchmarks/bin/Release/net10.0/EricksonLopez.DapperExtensions.PostgreSql.Benchmarks-Job-FEWCWF-1/BenchmarkDotNet.Autogenerated.csproj::TargetFramework=net10.0]
/home/runner/work/dotnet-dapper-extensions/dotnet-dapper-extensions/benchmarks/EricksonLopez.DapperExtensions.PostgreSql.Benchmarks/bin/Release/net10.0/EricksonLopez.DapperExtensions.PostgreSql.Benchmarks-Job-FEWCWF-1/EricksonLopez.DapperExtensions.PostgreSql.Benchmarks-Job-FEWCWF-1.notcs(855,36): error CS0407: 'Task BulkInsertBenchmarks.CleanTable()' has the wrong return type [/home/runner/work/dotnet-dapper-extensions/dotnet-dapper-extensions/benchmarks/EricksonLopez.DapperExtensions.PostgreSql.Benchmarks/bin/Release/net10.0/EricksonLopez.DapperExtensions.PostgreSql.Benchmarks-Job-FEWCWF-1/BenchmarkDotNet.Autogenerated.csproj::TargetFramework=net10.0]
/home/runner/work/dotnet-dapper-extensions/dotnet-dapper-extensions/benchmarks/EricksonLopez.DapperExtensions.PostgreSql.Benchmarks/bin/Release/net10.0/EricksonLopez.DapperExtensions.PostgreSql.Benchmarks-Job-FEWCWF-1/EricksonLopez.DapperExtensions.PostgreSql.Benchmarks-Job-FEWCWF-1.notcs(1020,36): error CS0407: 'Task BulkInsertBenchmarks.CleanTable()' has the wrong return type [/home/runner/work/dotnet-dapper-extensions/dotnet-dapper-extensions/benchmarks/EricksonLopez.DapperExtensions.PostgreSql.Benchmarks/bin/Release/net10.0/EricksonLopez.DapperExtensions.PostgreSql.Benchmarks-Job-FEWCWF-1/BenchmarkDotNet.Autogenerated.csproj::TargetFramework=net10.0]
/home/runner/work/dotnet-dapper-extensions/dotnet-dapper-extensions/benchmarks/EricksonLopez.DapperExtensions.PostgreSql.Benchmarks/bin/Release/net10.0/EricksonLopez.DapperExtensions.PostgreSql.Benchmarks-Job-FEWCWF-1/EricksonLopez.DapperExtensions.PostgreSql.Benchmarks-Job-FEWCWF-1.notcs(1184,36): error CS0407: 'Task BulkInsertBenchmarks.CleanTable()' has the wrong return type [/home/runner/work/dotnet-dapper-extensions/dotnet-dapper-extensions/benchmarks/EricksonLopez.DapperExtensions.PostgreSql.Benchmarks/bin/Release/net10.0/EricksonLopez.DapperExtensions.PostgreSql.Benchmarks-Job-FEWCWF-1/BenchmarkDotNet.Autogenerated.csproj::TargetFramework=net10.0]
/home/runner/work/dotnet-dapper-extensions/dotnet-dapper-extensions/benchmarks/EricksonLopez.DapperExtensions.PostgreSql.Benchmarks/bin/Release/net10.0/EricksonLopez.DapperExtensions.PostgreSql.Benchmarks-Job-FEWCWF-1/EricksonLopez.DapperExtensions.PostgreSql.Benchmarks-Job-FEWCWF-1.notcs(1678,36): error CS0407: 'Task BulkInsertBenchmarks.CleanTable()' has the wrong return type [/home/runner/work/dotnet-dapper-extensions/dotnet-dapper-extensions/benchmarks/EricksonLopez.DapperExtensions.PostgreSql.Benchmarks/bin/Release/net10.0/EricksonLopez.DapperExtensions.PostgreSql.Benchmarks-Job-FEWCWF-1/BenchmarkDotNet.Autogenerated.csproj::TargetFramework=net10.0]
/home/runner/work/dotnet-dapper-extensions/dotnet-dapper-extensions/benchmarks/EricksonLopez.DapperExtensions.PostgreSql.Benchmarks/bin/Release/net10.0/EricksonLopez.DapperExtensions.PostgreSql.Benchmarks-Job-FEWCWF-1/EricksonLopez.DapperExtensions.PostgreSql.Benchmarks-Job-FEWCWF-1.notcs(1348,36): error CS0407: 'Task BulkInsertBenchmarks.CleanTable()' has the wrong return type [/home/runner/work/dotnet-dapper-extensions/dotnet-dapper-extensions/benchmarks/EricksonLopez.DapperExtensions.PostgreSql.Benchmarks/bin/Release/net10.0/EricksonLopez.DapperExtensions.PostgreSql.Benchmarks-Job-FEWCWF-1/BenchmarkDotNet.Autogenerated.csproj::TargetFramework=net10.0]
/home/runner/work/dotnet-dapper-extensions/dotnet-dapper-extensions/benchmarks/EricksonLopez.DapperExtensions.PostgreSql.Benchmarks/bin/Release/net10.0/EricksonLopez.DapperExtensions.PostgreSql.Benchmarks-Job-FEWCWF-1/EricksonLopez.DapperExtensions.PostgreSql.Benchmarks-Job-FEWCWF-1.notcs(1513,36): error CS0407: 'Task BulkInsertBenchmarks.CleanTable()' has the wrong return type [/home/runner/work/dotnet-dapper-extensions/dotnet-dapper-extensions/benchmarks/EricksonLopez.DapperExtensions.PostgreSql.Benchmarks/bin/Release/net10.0/EricksonLopez.DapperExtensions.PostgreSql.Benchmarks-Job-FEWCWF-1/BenchmarkDotNet.Autogenerated.csproj::TargetFramework=net10.0]
    0 Warning(s)
    12 Error(s)
Time Elapsed 00:00:04.51

// BenchmarkDotNet has failed to build the auto-generated boilerplate code.
// It can be found in /home/runner/work/dotnet-dapper-extensions/dotnet-dapper-extensions/benchmarks/EricksonLopez.DapperExtensions.PostgreSql.Benchmarks/bin/Release/net10.0/EricksonLopez.DapperExtensions.PostgreSql.Benchmarks-Job-FEWCWF-1
// Please follow the troubleshooting guide: https://benchmarkdotnet.org/articles/guides/troubleshooting.html

// ** Remained 0 (0.0 %) benchmark(s) to run. Estimated finish 2026-08-30 7:46 (0h 0m from now) **
// ***** BenchmarkRunner: Finish  *****

// * Export *
  benchmarks/results/results/EricksonLopez.DapperExtensions.PostgreSql.Benchmarks.BulkInsertBenchmarks-report.csv
  benchmarks/results/results/EricksonLopez.DapperExtensions.PostgreSql.Benchmarks.BulkInsertBenchmarks-report-github.md
  benchmarks/results/results/EricksonLopez.DapperExtensions.PostgreSql.Benchmarks.BulkInsertBenchmarks-report.html
  benchmarks/results/results/EricksonLopez.DapperExtensions.PostgreSql.Benchmarks.BulkInsertBenchmarks-report-full-compressed.json
  benchmarks/results/results/EricksonLopez.DapperExtensions.PostgreSql.Benchmarks.BulkInsertBenchmarks-report-default.md

// * Detailed results *
BulkInsertBenchmarks.'Row-by-row INSERT': Job-FEWCWF(InvocationCount=1, IterationCount=3, UnrollFactor=1, WarmupCount=1) [RowCount=100]
Runtime = ; GC = 
There are not any results runs

// * Summary *

BenchmarkDotNet v0.15.8, Linux Ubuntu 24.04.4 LTS (Noble Numbat)
AMD EPYC 9V74 2.60GHz, 1 CPU, 4 logical and 2 physical cores
.NET SDK 10.0.400
  [Host] : .NET 10.0.11 (10.0.11, 10.0.1126.37416), X64 RyuJIT x86-64-v3

InvocationCount=1  IterationCount=3  UnrollFactor=1  
WarmupCount=1  

| Method              | RowCount | Mean | Error | Ratio | RatioSD | Alloc Ratio |
|-------------------- |--------- |-----:|------:|------:|--------:|------------:|
| 'Row-by-row INSERT' | 100      |   NA |    NA |     ? |       ? |           ? |

Benchmarks with issues:
  BulkInsertBenchmarks.'Row-by-row INSERT': Job-FEWCWF(InvocationCount=1, IterationCount=3, UnrollFactor=1, WarmupCount=1) [RowCount=100]

// * Warnings *
BaselineCustomAnalyzer
  Summary -> A question mark '?' symbol indicates that it was not possible to compute the (Ratio, RatioSD, Alloc Ratio) column(s) because the baseline or benchmark could not be found, or the baseline value is too close to zero.

// * Legends *
  RowCount    : Value of the 'RowCount' parameter
  Mean        : Arithmetic mean of all measurements
  Error       : Half of 99.9% confidence interval
  Ratio       : Mean of the ratio distribution ([Current]/[Baseline])
  RatioSD     : Standard deviation of the ratio distribution ([Current]/[Baseline])
  Alloc Ratio : Allocated memory ratio distribution ([Current]/[Baseline])
  1 ns        : 1 Nanosecond (0.000000001 sec)

// * Diagnostic Output - MemoryDiagnoser *


// ***** BenchmarkRunner: End *****
Run time: 00:00:00 (0.01 sec), executed benchmarks: 0

Global total time: 00:00:34 (34.74 sec), executed benchmarks: 0
// * Artifacts cleanup *
Artifacts cleanup is finished
